caught: first call fails
2
3
1
-1
2
-1
caught synthetic failure 0
0
0
0
0
0
0
caught synthetic failure 7
0
0
0
0
0
0
caught synthetic failure 14
0
0
0
0
0
0
caught synthetic failure 21
0
0
0
0
0
0
caught synthetic failure 28
0
0
0
0
0
0
caught synthetic failure 35
0
0
0
0
0
0
caught synthetic failure 42
0
0
0
0
0
0
caught synthetic failure 49
0
0
0
0
0
0
caught synthetic failure 56
0
0
0
0
0
0
caught synthetic failure 63
0
0
0
0
0
0
caught synthetic failure 70
0
0
0
0
0
0
caught synthetic failure 77
0
0
0
0
0
0
caught synthetic failure 84
0
0
0
0
0
0
caught synthetic failure 91
0
0
0
0
0
0
caught synthetic failure 98
0
0
0
0
0
0
caught synthetic failure 105
0
0
0
0
0
0
caught synthetic failure 112
0
0
0
0
0
0
caught synthetic failure 119
0
0
0
0
0
0
caught synthetic failure 126
0
0
0
0
0
0
caught synthetic failure 133
0
0
0
0
0
0
caught synthetic failure 140
0
0
0
0
0
0
caught synthetic failure 147
0
0
0
0
0
0
caught synthetic failure 154
0
0
0
0
0
0
caught synthetic failure 161
0
0
0
0
0
0
caught synthetic failure 168
0
0
0
0
0
0
caught synthetic failure 175
0
0
0
0
0
0
caught synthetic failure 182
0
0
0
0
0
0
caught synthetic failure 189
0
0
0
0
0
0
caught synthetic failure 196
0
0
0
0
63
ValueError
still here
