Error
startup failed: could not read config at /nonexistent-directory-for-tests/config.json: cannot read '/nonexistent-directory-for-tests/config.json': No such file or directory.
again: startup failed: could not read config at /nonexistent-directory-for-tests/config.json: cannot read '/nonexistent-directory-for-tests/config.json': No such file or directory.
default
real contents
real contents
