500
Shape.Empty
Shape.Circle(1)
Shape.Named(s2)
Shape.Wrapped([1, 2, 3])
carries a list
Shape.Empty
Shape.Circle(1)
Shape.Named(s2)
Shape.Empty
Shape.Circle(4)
Shape.Named(s5)
Shape.Empty
Shape.Circle(7)
Shape.Named(s8)
Shape.Empty
Shape.Circle(10)
Shape.Named(s11)
Shape.Empty
Shape.Circle(13)
Shape.Named(s14)
Shape.Empty
Shape.Circle(16)
Shape.Named(s17)
Shape.Empty
Shape.Circle(19)
Shape.Named(s20)
Shape.Empty
Shape.Circle(22)
Shape.Named(s23)
Shape.Empty
Shape.Circle(25)
Shape.Named(s26)
Shape.Empty
Shape.Circle(28)
Shape.Named(s29)
Shape.Empty
Shape.Circle(31)
Shape.Named(s32)
Shape.Empty
Shape.Circle(34)
Shape.Named(s35)
Shape.Empty
Shape.Circle(37)
Shape.Named(s38)
Shape.Empty
Shape.Circle(40)
Shape.Named(s41)
Shape.Empty
Shape.Circle(43)
Shape.Named(s44)
Shape.Empty
Shape.Circle(46)
Shape.Named(s47)
Shape.Empty
Shape.Circle(49)
Shape.Named(s50)
Shape.Empty
Shape.Circle(52)
Shape.Named(s53)
Shape.Empty
Shape.Circle(55)
Shape.Named(s56)
Shape.Empty
Shape.Circle(58)
Shape.Named(s59)
Shape.Empty
Shape.Circle(61)
Shape.Named(s62)
Shape.Empty
Shape.Circle(64)
Shape.Named(s65)
Shape.Empty
Shape.Circle(67)
Shape.Named(s68)
Shape.Empty
Shape.Circle(70)
Shape.Named(s71)
Shape.Empty
Shape.Circle(73)
Shape.Named(s74)
Shape.Empty
Shape.Circle(76)
Shape.Named(s77)
Shape.Empty
Shape.Circle(79)
Shape.Named(s80)
Shape.Empty
Shape.Circle(82)
Shape.Named(s83)
Shape.Empty
Shape.Circle(85)
Shape.Named(s86)
Shape.Empty
Shape.Circle(88)
Shape.Named(s89)
Shape.Empty
Shape.Circle(91)
Shape.Named(s92)
Shape.Empty
Shape.Circle(94)
Shape.Named(s95)
Shape.Empty
Shape.Circle(97)
Shape.Named(s98)
Shape.Empty
Shape.Circle(100)
Shape.Named(s101)
Shape.Empty
Shape.Circle(103)
Shape.Named(s104)
Shape.Empty
Shape.Circle(106)
Shape.Named(s107)
Shape.Empty
Shape.Circle(109)
Shape.Named(s110)
Shape.Empty
Shape.Circle(112)
Shape.Named(s113)
Shape.Empty
Shape.Circle(115)
Shape.Named(s116)
Shape.Empty
Shape.Circle(118)
Shape.Named(s119)
Shape.Empty
Shape.Circle(121)
Shape.Named(s122)
Shape.Empty
Shape.Circle(124)
Shape.Named(s125)
Shape.Empty
Shape.Circle(127)
Shape.Named(s128)
Shape.Empty
Shape.Circle(130)
Shape.Named(s131)
Shape.Empty
Shape.Circle(133)
Shape.Named(s134)
Shape.Empty
Shape.Circle(136)
Shape.Named(s137)
Shape.Empty
Shape.Circle(139)
Shape.Named(s140)
Shape.Empty
Shape.Circle(142)
Shape.Named(s143)
Shape.Empty
Shape.Circle(145)
Shape.Named(s146)
Shape.Empty
Shape.Circle(148)
Shape.Named(s149)
Shape.Empty
Shape.Circle(151)
Shape.Named(s152)
Shape.Empty
Shape.Circle(154)
Shape.Named(s155)
Shape.Empty
Shape.Circle(157)
Shape.Named(s158)
Shape.Empty
Shape.Circle(160)
Shape.Named(s161)
Shape.Empty
Shape.Circle(163)
Shape.Named(s164)
Shape.Empty
Shape.Circle(166)
Shape.Named(s167)
Shape.Empty
Shape.Circle(169)
Shape.Named(s170)
Shape.Empty
Shape.Circle(172)
Shape.Named(s173)
Shape.Empty
Shape.Circle(175)
Shape.Named(s176)
Shape.Empty
Shape.Circle(178)
Shape.Named(s179)
Shape.Empty
Shape.Circle(181)
Shape.Named(s182)
Shape.Empty
Shape.Circle(184)
Shape.Named(s185)
Shape.Empty
Shape.Circle(187)
Shape.Named(s188)
Shape.Empty
Shape.Circle(190)
Shape.Named(s191)
Shape.Empty
Shape.Circle(193)
Shape.Named(s194)
Shape.Empty
Shape.Circle(196)
Shape.Named(s197)
Shape.Empty
Shape.Circle(199)
Shape.Named(s200)
Shape.Empty
Shape.Circle(202)
Shape.Named(s203)
Shape.Empty
Shape.Circle(205)
Shape.Named(s206)
Shape.Empty
Shape.Circle(208)
Shape.Named(s209)
Shape.Empty
Shape.Circle(211)
Shape.Named(s212)
Shape.Empty
Shape.Circle(214)
Shape.Named(s215)
Shape.Empty
Shape.Circle(217)
Shape.Named(s218)
Shape.Empty
Shape.Circle(220)
Shape.Named(s221)
Shape.Empty
Shape.Circle(223)
Shape.Named(s224)
Shape.Empty
Shape.Circle(226)
Shape.Named(s227)
Shape.Empty
Shape.Circle(229)
Shape.Named(s230)
Shape.Empty
Shape.Circle(232)
Shape.Named(s233)
Shape.Empty
Shape.Circle(235)
Shape.Named(s236)
Shape.Empty
Shape.Circle(238)
Shape.Named(s239)
Shape.Empty
Shape.Circle(241)
Shape.Named(s242)
Shape.Empty
Shape.Circle(244)
Shape.Named(s245)
Shape.Empty
Shape.Circle(247)
Shape.Named(s248)
Shape.Empty
Shape.Circle(250)
Shape.Named(s251)
Shape.Empty
Shape.Circle(253)
Shape.Named(s254)
Shape.Empty
Shape.Circle(256)
Shape.Named(s257)
Shape.Empty
Shape.Circle(259)
Shape.Named(s260)
Shape.Empty
Shape.Circle(262)
Shape.Named(s263)
Shape.Empty
Shape.Circle(265)
Shape.Named(s266)
Shape.Empty
Shape.Circle(268)
Shape.Named(s269)
Shape.Empty
Shape.Circle(271)
Shape.Named(s272)
Shape.Empty
Shape.Circle(274)
Shape.Named(s275)
Shape.Empty
Shape.Circle(277)
Shape.Named(s278)
Shape.Empty
Shape.Circle(280)
Shape.Named(s281)
Shape.Empty
Shape.Circle(283)
Shape.Named(s284)
Shape.Empty
Shape.Circle(286)
Shape.Named(s287)
Shape.Empty
Shape.Circle(289)
Shape.Named(s290)
Shape.Empty
Shape.Circle(292)
Shape.Named(s293)
Shape.Empty
Shape.Circle(295)
Shape.Named(s296)
Shape.Empty
Shape.Circle(298)
Shape.Named(s299)
Shape.Empty
Shape.Circle(301)
Shape.Named(s302)
Shape.Empty
Shape.Circle(304)
Shape.Named(s305)
Shape.Empty
Shape.Circle(307)
Shape.Named(s308)
Shape.Empty
Shape.Circle(310)
Shape.Named(s311)
Shape.Empty
Shape.Circle(313)
Shape.Named(s314)
Shape.Empty
Shape.Circle(316)
Shape.Named(s317)
Shape.Empty
Shape.Circle(319)
Shape.Named(s320)
Shape.Empty
Shape.Circle(322)
Shape.Named(s323)
Shape.Empty
Shape.Circle(325)
Shape.Named(s326)
Shape.Empty
Shape.Circle(328)
Shape.Named(s329)
Shape.Empty
Shape.Circle(331)
Shape.Named(s332)
Shape.Empty
Shape.Circle(334)
Shape.Named(s335)
Shape.Empty
Shape.Circle(337)
Shape.Named(s338)
Shape.Empty
Shape.Circle(340)
Shape.Named(s341)
Shape.Empty
Shape.Circle(343)
Shape.Named(s344)
Shape.Empty
Shape.Circle(346)
Shape.Named(s347)
Shape.Empty
Shape.Circle(349)
Shape.Named(s350)
Shape.Empty
Shape.Circle(352)
Shape.Named(s353)
Shape.Empty
Shape.Circle(355)
Shape.Named(s356)
Shape.Empty
Shape.Circle(358)
Shape.Named(s359)
Shape.Empty
Shape.Circle(361)
Shape.Named(s362)
Shape.Empty
Shape.Circle(364)
Shape.Named(s365)
Shape.Empty
Shape.Circle(367)
Shape.Named(s368)
Shape.Empty
Shape.Circle(370)
Shape.Named(s371)
Shape.Empty
Shape.Circle(373)
Shape.Named(s374)
Shape.Empty
Shape.Circle(376)
Shape.Named(s377)
Shape.Empty
Shape.Circle(379)
Shape.Named(s380)
Shape.Empty
Shape.Circle(382)
Shape.Named(s383)
Shape.Empty
Shape.Circle(385)
Shape.Named(s386)
Shape.Empty
Shape.Circle(388)
Shape.Named(s389)
Shape.Empty
Shape.Circle(391)
Shape.Named(s392)
Shape.Empty
Shape.Circle(394)
Shape.Named(s395)
Shape.Empty
Shape.Circle(397)
Shape.Named(s398)
Shape.Empty
Shape.Circle(400)
Shape.Named(s401)
Shape.Empty
Shape.Circle(403)
Shape.Named(s404)
Shape.Empty
Shape.Circle(406)
Shape.Named(s407)
Shape.Empty
Shape.Circle(409)
Shape.Named(s410)
Shape.Empty
Shape.Circle(412)
Shape.Named(s413)
Shape.Empty
Shape.Circle(415)
Shape.Named(s416)
Shape.Empty
Shape.Circle(418)
Shape.Named(s419)
Shape.Empty
Shape.Circle(421)
Shape.Named(s422)
Shape.Empty
Shape.Circle(424)
Shape.Named(s425)
Shape.Empty
Shape.Circle(427)
Shape.Named(s428)
Shape.Empty
Shape.Circle(430)
Shape.Named(s431)
Shape.Empty
Shape.Circle(433)
Shape.Named(s434)
Shape.Empty
Shape.Circle(436)
Shape.Named(s437)
Shape.Empty
Shape.Circle(439)
Shape.Named(s440)
Shape.Empty
Shape.Circle(442)
Shape.Named(s443)
Shape.Empty
Shape.Circle(445)
Shape.Named(s446)
Shape.Empty
Shape.Circle(448)
Shape.Named(s449)
Shape.Empty
Shape.Circle(451)
Shape.Named(s452)
Shape.Empty
Shape.Circle(454)
Shape.Named(s455)
Shape.Empty
Shape.Circle(457)
Shape.Named(s458)
Shape.Empty
Shape.Circle(460)
Shape.Named(s461)
Shape.Empty
Shape.Circle(463)
Shape.Named(s464)
Shape.Empty
Shape.Circle(466)
Shape.Named(s467)
Shape.Empty
Shape.Circle(469)
Shape.Named(s470)
Shape.Empty
Shape.Circle(472)
Shape.Named(s473)
Shape.Empty
Shape.Circle(475)
Shape.Named(s476)
Shape.Empty
Shape.Circle(478)
Shape.Named(s479)
Shape.Empty
Shape.Circle(481)
Shape.Named(s482)
Shape.Empty
Shape.Circle(484)
Shape.Named(s485)
Shape.Empty
Shape.Circle(487)
Shape.Named(s488)
Shape.Empty
Shape.Circle(490)
Shape.Named(s491)
Shape.Empty
Shape.Circle(493)
Shape.Named(s494)
Shape.Empty
Shape.Circle(496)
Shape.Named(s497)
Shape.Empty
Shape.Circle(499)
Shape
